// Jest Snapshot v1, https://goo.gl/fbAQLP

exports[`has correclty rendered 1`] = `
<div>
  <_default />
</div>
`;
